C:\Users\shuke\source\GITHUB\Project-Code-Generation\src\main\java\io\swagger\api\LoginApi.java
C:\Users\shuke\source\GITHUB\Project-Code-Generation\src\main\java\io\swagger\dao\AccountRepository.java
C:\Users\shuke\source\GITHUB\Project-Code-Generation\src\main\java\io\swagger\service\JwtUserDetailsService.java
C:\Users\shuke\source\GITHUB\Project-Code-Generation\src\main\java\io\swagger\configuration\JwtAuthenticationEntryPoint.java
C:\Users\shuke\source\GITHUB\Project-Code-Generation\src\main\java\io\swagger\dao\TransactionRepository.java
C:\Users\shuke\source\GITHUB\Project-Code-Generation\src\main\java\io\swagger\RFC3339DateFormat.java
C:\Users\shuke\source\GITHUB\Project-Code-Generation\src\main\java\io\swagger\api\HelloWorldController.java
C:\Users\shuke\source\GITHUB\Project-Code-Generation\src\main\java\io\swagger\api\ApiException.java
C:\Users\shuke\source\GITHUB\Project-Code-Generation\src\main\java\io\swagger\model\Transaction.java
C:\Users\shuke\source\GITHUB\Project-Code-Generation\src\main\java\io\swagger\api\AccountsApiController.java
C:\Users\shuke\source\GITHUB\Project-Code-Generation\src\main\java\io\swagger\service\UserService.java
C:\Users\shuke\source\GITHUB\Project-Code-Generation\src\main\java\io\swagger\configuration\HomeController.java
C:\Users\shuke\source\GITHUB\Project-Code-Generation\src\main\java\io\swagger\Swagger2SpringBoot.java
C:\Users\shuke\source\GITHUB\Project-Code-Generation\src\main\java\io\swagger\api\ApiResponseMessage.java
C:\Users\shuke\source\GITHUB\Project-Code-Generation\src\main\java\io\swagger\api\LoginApiController.java
C:\Users\shuke\source\GITHUB\Project-Code-Generation\src\main\java\io\swagger\configuration\CustomInstantDeserializer.java
C:\Users\shuke\source\GITHUB\Project-Code-Generation\src\main\java\io\swagger\api\AccountsApi.java
C:\Users\shuke\source\GITHUB\Project-Code-Generation\src\main\java\io\swagger\api\NotFoundException.java
C:\Users\shuke\source\GITHUB\Project-Code-Generation\src\main\java\io\swagger\api\UsersApiController.java
C:\Users\shuke\source\GITHUB\Project-Code-Generation\src\main\java\io\swagger\service\TransactionService.java
C:\Users\shuke\source\GITHUB\Project-Code-Generation\src\main\java\io\swagger\model\Body1.java
C:\Users\shuke\source\GITHUB\Project-Code-Generation\src\main\java\io\swagger\model\InlineResponse2002.java
C:\Users\shuke\source\GITHUB\Project-Code-Generation\src\main\java\io\swagger\model\AccountObject.java
C:\Users\shuke\source\GITHUB\Project-Code-Generation\src\main\java\io\swagger\model\Body.java
C:\Users\shuke\source\GITHUB\Project-Code-Generation\src\main\java\io\swagger\model\InlineResponse2001.java
C:\Users\shuke\source\GITHUB\Project-Code-Generation\src\main\java\io\swagger\dao\UserRepository.java
C:\Users\shuke\source\GITHUB\Project-Code-Generation\src\main\java\io\swagger\configuration\SwaggerDocumentationConfig.java
C:\Users\shuke\source\GITHUB\Project-Code-Generation\src\main\java\io\swagger\model\InlineResponse200.java
C:\Users\shuke\source\GITHUB\Project-Code-Generation\src\main\java\io\swagger\api\ApiOriginFilter.java
C:\Users\shuke\source\GITHUB\Project-Code-Generation\src\main\java\io\swagger\api\JwtAuthenticationController.java
C:\Users\shuke\source\GITHUB\Project-Code-Generation\src\main\java\io\swagger\service\AccountService.java
C:\Users\shuke\source\GITHUB\Project-Code-Generation\src\main\java\io\swagger\api\TransactionsApi.java
C:\Users\shuke\source\GITHUB\Project-Code-Generation\src\main\java\io\swagger\configuration\StartUpRunner.java
C:\Users\shuke\source\GITHUB\Project-Code-Generation\src\main\java\io\swagger\api\TransactionsApiController.java
C:\Users\shuke\source\GITHUB\Project-Code-Generation\src\main\java\io\swagger\configuration\WebSecurityConfig.java
C:\Users\shuke\source\GITHUB\Project-Code-Generation\src\main\java\io\swagger\model\JwtRequest.java
C:\Users\shuke\source\GITHUB\Project-Code-Generation\src\main\java\io\swagger\configuration\JacksonConfiguration.java
C:\Users\shuke\source\GITHUB\Project-Code-Generation\src\main\java\io\swagger\configuration\JwtTokenUtil.java
C:\Users\shuke\source\GITHUB\Project-Code-Generation\src\main\java\io\swagger\api\UsersApi.java
C:\Users\shuke\source\GITHUB\Project-Code-Generation\src\main\java\io\swagger\configuration\JwtRequestFilter.java
C:\Users\shuke\source\GITHUB\Project-Code-Generation\src\main\java\io\swagger\filter\Filter.java
C:\Users\shuke\source\GITHUB\Project-Code-Generation\src\main\java\io\swagger\model\Role.java
C:\Users\shuke\source\GITHUB\Project-Code-Generation\src\main\java\io\swagger\model\User.java
C:\Users\shuke\source\GITHUB\Project-Code-Generation\src\main\java\io\swagger\model\JwtUserDetails.java
C:\Users\shuke\source\GITHUB\Project-Code-Generation\src\main\java\io\swagger\model\JwtResponse.java
